This file is outdated!

Connected to MySQL on localhost. Print Hand Utility
options.site: Full Tilt Poker site_id: 1
From Table hands
================
site_hand_no: 6929537410 hand_start: 2008-06-22 22:15:44 seat_count: 9 category: omahahi
Board cards: 4s Kc 8s 6s Qc

From Table hands_players
========================
player_name:player16 player_startcash:9490 position:BB cards:?? ?? ?? ?? winnings:0 rake:0
player_name:player25 player_startcash:14700 position:6 off Btn cards:?? ?? ?? ?? winnings:0 rake:0
player_name:player18 player_startcash:6280 position:5 off Btn cards:?? ?? ?? ?? winnings:0 rake:0
player_name:player19 player_startcash:13655 position:4 off Btn cards:?? ?? ?? ?? winnings:0 rake:0
player_name:play-er26 player_startcash:5605 position:3 off Btn cards:?? ?? ?? ?? winnings:0 rake:0
player_name:player21 player_startcash:25295 position:2 off Btn cards:?? ?? ?? ?? winnings:0 rake:0
player_name:player22 player_startcash:20000 position:1 off Btn cards:?? ?? ?? ?? winnings:0 rake:0
player_name:player23 player_startcash:16250 position:Btn cards:Td 5s 3d Js winnings:1140 rake:60
player_name:player24 player_startcash:27070 position:SB cards:?? ?? ?? ?? winnings:0 rake:0

From Table hands_actions
========================
player_name:player16 actionCount:0 street:Preflop streetActionNo:0 action:blind amount:100
player_name:player16 actionCount:1 street:Preflop streetActionNo:1 action:check amount:0
player_name:player16 actionCount:2 street:Flop streetActionNo:0 action:check amount:0
player_name:player16 actionCount:3 street:Turn streetActionNo:0 action:check amount:0
player_name:player16 actionCount:4 street:Turn streetActionNo:1 action:fold amount:0
player_name:player25 actionCount:0 street:Preflop streetActionNo:0 action:fold amount:0
player_name:player18 actionCount:0 street:Preflop streetActionNo:0 action:fold amount:0
player_name:player19 actionCount:0 street:Preflop streetActionNo:0 action:fold amount:0
player_name:play-er26 actionCount:0 street:Preflop streetActionNo:0 action:fold amount:0
player_name:player21 actionCount:0 street:Preflop streetActionNo:0 action:fold amount:0
player_name:player22 actionCount:0 street:Preflop streetActionNo:0 action:blind amount:100
player_name:player22 actionCount:1 street:Preflop streetActionNo:1 action:check amount:0
player_name:player22 actionCount:2 street:Flop streetActionNo:0 action:check amount:0
player_name:player22 actionCount:3 street:Turn streetActionNo:0 action:check amount:0
player_name:player22 actionCount:4 street:Turn streetActionNo:1 action:fold amount:0
player_name:player23 actionCount:0 street:Preflop streetActionNo:0 action:call amount:100
player_name:player23 actionCount:1 street:Flop streetActionNo:0 action:check amount:0
player_name:player23 actionCount:2 street:Turn streetActionNo:0 action:bet amount:400
player_name:player23 actionCount:3 street:River streetActionNo:0 action:check amount:0
player_name:player24 actionCount:0 street:Preflop streetActionNo:0 action:blind amount:50
player_name:player24 actionCount:1 street:Preflop streetActionNo:1 action:call amount:50
player_name:player24 actionCount:2 street:Flop streetActionNo:0 action:check amount:0
player_name:player24 actionCount:3 street:Turn streetActionNo:0 action:check amount:0
player_name:player24 actionCount:4 street:Turn streetActionNo:1 action:call amount:400
player_name:player24 actionCount:5 street:River streetActionNo:0 action:check amount:0
