This file is outdated!

Connected to MySQL on localhost. Print Hand Utility
options.site: Full Tilt Poker site_id: 1
From Table hands
================
site_hand_no: 6929553738 hand_start: 2008-06-22 22:17:06 seat_count: 9 category: omahahi
Board cards: Jc 4c Kc 7h 8s

From Table hands_players
========================
player_name:player16 player_startcash:9390 position:SB cards:?? ?? ?? ?? winnings:0 rake:0
player_name:player17 player_startcash:10000 position:BB cards:?? ?? ?? ?? winnings:0 rake:0
player_name:player18 player_startcash:6280 position:6 off Btn cards:?? ?? ?? ?? winnings:0 rake:0
player_name:player19 player_startcash:13655 position:5 off Btn cards:4s Tc As Ac winnings:3325 rake:175
player_name:play-er26 player_startcash:5605 position:4 off Btn cards:?? ?? ?? ?? winnings:0 rake:0
player_name:player21 player_startcash:25295 position:3 off Btn cards:?? ?? ?? ?? winnings:0 rake:0
player_name:player22 player_startcash:19900 position:2 off Btn cards:?? ?? ?? ?? winnings:0 rake:0
player_name:player23 player_startcash:16890 position:1 off Btn cards:?? ?? ?? ?? winnings:0 rake:0
player_name:player24 player_startcash:26570 position:Btn cards:?? ?? ?? ?? winnings:0 rake:0

From Table hands_actions
========================
player_name:player16 actionCount:0 street:Preflop streetActionNo:0 action:blind amount:50
player_name:player16 actionCount:1 street:Preflop streetActionNo:1 action:call amount:150
player_name:player16 actionCount:2 street:Flop streetActionNo:0 action:check amount:0
player_name:player16 actionCount:3 street:Turn streetActionNo:0 action:check amount:0
player_name:player16 actionCount:4 street:Turn streetActionNo:1 action:fold amount:0
player_name:player17 actionCount:0 street:Preflop streetActionNo:0 action:blind amount:100
player_name:player17 actionCount:1 street:Preflop streetActionNo:1 action:call amount:100
player_name:player17 actionCount:2 street:Flop streetActionNo:0 action:check amount:0
player_name:player17 actionCount:3 street:Turn streetActionNo:0 action:check amount:0
player_name:player17 actionCount:4 street:Turn streetActionNo:1 action:call amount:350
player_name:player17 actionCount:5 street:River streetActionNo:0 action:check amount:0
player_name:player17 actionCount:6 street:River streetActionNo:1 action:call amount:1000
player_name:player18 actionCount:0 street:Preflop streetActionNo:0 action:fold amount:0
player_name:player19 actionCount:0 street:Preflop streetActionNo:0 action:bet amount:200
player_name:player19 actionCount:1 street:Flop streetActionNo:0 action:check amount:0
player_name:player19 actionCount:2 street:Turn streetActionNo:0 action:bet amount:350
player_name:player19 actionCount:3 street:River streetActionNo:0 action:bet amount:1000
player_name:play-er26 actionCount:0 street:Preflop streetActionNo:0 action:fold amount:0
player_name:player21 actionCount:0 street:Preflop streetActionNo:0 action:call amount:200
player_name:player21 actionCount:1 street:Flop streetActionNo:0 action:check amount:0
player_name:player21 actionCount:2 street:Turn streetActionNo:0 action:fold amount:0
player_name:player22 actionCount:0 street:Preflop streetActionNo:0 action:fold amount:0
player_name:player23 actionCount:0 street:Preflop streetActionNo:0 action:fold amount:0
player_name:player24 actionCount:0 street:Preflop streetActionNo:0 action:fold amount:0
