Connected to MySQL on localhost. Print Player Flags Utility

Basic Data
==========
bigBet: 50 category: holdem limitType: fl name: player3 gameType: ring site: PokerStars
siteId: 2 gametypeId: 2 playerId: 11 hudDataId: 22

HUD Raw Hand Counts
===================
HDs: 1
street0VPI: 1
street0Aggr: 1
street0_3B4BChance: 1
street0_3B4BDone: 1

street1Seen: 1
street2Seen: 1
street3Seen: 1
street4Seen: 0
sawShowdown: 1

street1Aggr: 1
street2Aggr: 0
street3Aggr: 0
street4Aggr: 0

otherRaisedStreet1: 0
otherRaisedStreet2: 
otherRaisedStreet3: 
otherRaisedStreet4: 0
foldToOtherRaisedStreet1: 0
foldToOtherRaisedStreet2: 0
foldToOtherRaisedStreet3: 0
foldToOtherRaisedStreet4: 0

wonWhenSeenStreet1: 0.0
wonAtSD: 0.0
stealAttemptChance: 0
stealAttempted: 0
foldBbToStealChance: 0
foldedBbToSteal: 0
foldSbToStealChance: 0
foldedSbToSteal: 0
street1CBChance: 1
street1CBDone: 1
street2CBChance: 0
street2CBDone: 0
street3CBChance: 0
street3CBDone: 0
street4CBChance: 0
street4CBDone: 0
foldToStreet1CBChance: 0
foldToStreet1CBDone: 0
foldToStreet2CBChance: 0
foldToStreet2CBDone: 0
foldToStreet3CBChance: 0
foldToStreet3CBDone: 0
foldToStreet4CBChance: 0
foldToStreet4CBDone: 0
totalProfit: 
street1CheckCallRaiseChance: 0
street1CheckCallRaiseDone: 0
street2CheckCallRaiseChance: 0
street2CheckCallRaiseDone: 0
street3CheckCallRaiseChance: 0
street3CheckCallRaiseDone: 0
street4CheckCallRaiseChance: 0
street4CheckCallRaiseDone: 0
