Connected to MySQL on localhost. Print Hand Utility
options.site: PokerStars siteId: 2

From Table Hands
================
handId: 2   tableName: Merope   siteHandNo: 14519420999   gametypeId: 1   handStart: 2008-01-13 05:23:43   seats: 7   maxSeats: 10

From Table Gametypes
====================
type: ring   base: hold   category: holdem   limitType: fl   hiLo: h
sb: 1   bb: 2   sbet: 2   bbet: 4

From Table BoardCards
=====================
Board cards: Th Jd 3c 7c 4s

From Table HandsPlayers
=======================
playerName:Player_1 playerStartcash:65 position:2 off Btn cards:?? ?? winnings:0 rake:0
playerName:Player_2 playerStartcash:49 position:1 off Btn cards:8s 9s winnings:35 rake:1
playerName:Player_3 playerStartcash:179 position:Btn cards:?? ?? winnings:0 rake:0
playerName:Player_4 playerStartcash:205 position:SB cards:?? ?? winnings:0 rake:0
playerName:Player_5 playerStartcash:118 position:BB cards:Qh Js winnings:0 rake:0
playerName:Player_6 playerStartcash:34 position:4 off Btn cards:?? ?? winnings:0 rake:0
playerName:Player_7 playerStartcash:135 position:3 off Btn cards:8d 5d winnings:0 rake:0

From Table HandsActions
=======================
playerName:Player_1 street:Preflop streetActionNo:4 action:fold amount:0
playerName:Player_2 street:Preflop streetActionNo:5 action:call amount:2
playerName:Player_2 street:Flop    streetActionNo:2 action:call amount:2
playerName:Player_2 street:Turn    streetActionNo:2 action:bet amount:8
playerName:Player_2 street:River   streetActionNo:1 action:bet amount:4
playerName:Player_3 street:Preflop streetActionNo:6 action:fold amount:0
playerName:Player_4 street:Preflop streetActionNo:0 action:blind amount:1
playerName:Player_4 street:Preflop streetActionNo:7 action:call amount:1
playerName:Player_4 street:Flop    streetActionNo:0 action:check amount:0
playerName:Player_4 street:Flop    streetActionNo:3 action:call amount:2
playerName:Player_4 street:Turn    streetActionNo:0 action:check amount:0
playerName:Player_4 street:Turn    streetActionNo:3 action:fold amount:0
playerName:Player_5 street:Preflop streetActionNo:1 action:blind amount:2
playerName:Player_5 street:Preflop streetActionNo:8 action:check amount:0
playerName:Player_5 street:Flop    streetActionNo:1 action:bet amount:2
playerName:Player_5 street:Turn    streetActionNo:1 action:bet amount:4
playerName:Player_5 street:Turn    streetActionNo:4 action:call amount:4
playerName:Player_5 street:River   streetActionNo:0 action:check amount:0
playerName:Player_5 street:River   streetActionNo:2 action:call amount:4
playerName:Player_6 street:Preflop streetActionNo:2 action:fold amount:0
playerName:Player_7 street:Preflop streetActionNo:3 action:fold amount:0
