Connected to MySQL on localhost. Print Hand Utility
options.site: PokerStars siteId: 2

From Table Hands
================
handId: 5   tableName: Lydia   siteHandNo: 15043388146   gametypeId: 3   handStart: 2008-02-04 03:04:15   seats: 6   maxSeats: 8

From Table Gametypes
====================
type: ring   base: stud   category: studhilo   limitType: fl   hiLo: s
   sbet: 10   bbet: 20

From Table BoardCards
=====================

From Table HandsPlayers
=======================
playerName:olimpicon99 playerStartcash:531 ante:2 cards:?? ?? 8c ?? ?? ?? ?? winnings:0 rake:0
playerName:PokerPig55 playerStartcash:158 ante:2 cards:?? ?? Kh ?? ?? ?? ?? winnings:0 rake:0
playerName:VISTA GIRL playerStartcash:83 ante:2 cards:?? ?? 8h ?? ?? ?? ?? winnings:0 rake:0
playerName:br1an playerStartcash:510 ante:2 cards:4c 7d 2d Qh 6d 6h 2h winnings:0 rake:0
playerName:steffen780 playerStartcash:400 ante:2 cards:Kc 9h 9c 5c 8s ?? ?? winnings:0 rake:0
playerName:willowdale playerStartcash:392 ante:2 cards:3s 4d 5s 4s Ad 5h 2c winnings:102 rake:5

From Table HandsActions
=======================
playerName:olimpicon99 street:0 streetActionNo:3 action:fold amount:0
playerName:PokerPig55 street:0 streetActionNo:4 action:fold amount:0
playerName:VISTA GIRL street:0 streetActionNo:5 action:fold amount:0
playerName:br1an street:0 streetActionNo:0 action:blind amount:5
playerName:br1an street:1 streetActionNo:0 action:check amount:0
playerName:br1an street:2 streetActionNo:1 action:call amount:20
playerName:br1an street:3 streetActionNo:0 action:check amount:0
playerName:br1an street:4 streetActionNo:0 action:check amount:0
playerName:br1an street:4 streetActionNo:2 action:call amount:20
playerName:steffen780 street:0 streetActionNo:1 action:call amount:5
playerName:steffen780 street:1 streetActionNo:1 action:check amount:0
playerName:steffen780 street:2 streetActionNo:2 action:fold amount:0
playerName:willowdale street:0 streetActionNo:2 action:call amount:5
playerName:willowdale street:1 streetActionNo:2 action:check amount:0
playerName:willowdale street:2 streetActionNo:0 action:bet amount:20
playerName:willowdale street:3 streetActionNo:1 action:check amount:0
playerName:willowdale street:4 streetActionNo:1 action:bet amount:20
