Connected to MySQL on localhost. Print Hand Utility
options.site: PokerStars siteId: 2

From Table Hands
================
handId: 3   tableName: Merope   siteHandNo: 14519433154   gametypeId: 1   handStart: 2008-01-13 05:24:25   seats: 7   maxSeats: 10

From Table Gametypes
====================
type: ring   base: hold   category: holdem   limitType: fl   hiLo: h
sb: 1   bb: 2   sbet: 2   bbet: 4

From Table BoardCards
=====================
Board cards: 4h 9s Ad Qc Ks

From Table HandsPlayers
=======================
playerName:Player_1 playerStartcash:65 position:3 off Btn cards:?? ?? winnings:0 rake:0
playerName:Player_2 playerStartcash:68 position:2 off Btn cards:?? ?? winnings:0 rake:0
playerName:Player_3 playerStartcash:179 position:1 off Btn cards:Ah 9d winnings:92 rake:4
playerName:Player_4 playerStartcash:201 position:Btn cards:Ac Td winnings:0 rake:0
playerName:Player_5 playerStartcash:102 position:SB cards:?? ?? winnings:0 rake:0
playerName:Player_6 playerStartcash:34 position:BB cards:?? ?? winnings:0 rake:0
playerName:Player_7 playerStartcash:135 position:4 off Btn cards:7c Jh winnings:0 rake:0

From Table HandsActions
=======================
playerName:Player_1 street:Preflop streetActionNo:3 action:fold amount:0
playerName:Player_2 street:Preflop streetActionNo:4 action:fold amount:0
playerName:Player_3 street:Preflop streetActionNo:5 action:call amount:2
playerName:Player_3 street:Preflop streetActionNo:9 action:call amount:2
playerName:Player_3 street:Flop    streetActionNo:2 action:bet amount:2
playerName:Player_3 street:Flop    streetActionNo:6 action:bet amount:4
playerName:Player_3 street:Flop    streetActionNo:8 action:call amount:2
playerName:Player_3 street:Turn    streetActionNo:0 action:bet amount:4
playerName:Player_3 street:Turn    streetActionNo:2 action:bet amount:8
playerName:Player_3 street:Turn    streetActionNo:4 action:call amount:4
playerName:Player_3 street:River   streetActionNo:0 action:bet amount:4
playerName:Player_3 street:River   streetActionNo:2 action:bet amount:8
playerName:Player_3 street:River   streetActionNo:4 action:call amount:4
playerName:Player_4 street:Preflop streetActionNo:6 action:call amount:2
playerName:Player_4 street:Preflop streetActionNo:10 action:call amount:2
playerName:Player_4 street:Flop    streetActionNo:3 action:bet amount:4
playerName:Player_4 street:Flop    streetActionNo:7 action:bet amount:4
playerName:Player_4 street:Turn    streetActionNo:1 action:bet amount:8
playerName:Player_4 street:Turn    streetActionNo:3 action:bet amount:8
playerName:Player_4 street:River   streetActionNo:1 action:bet amount:8
playerName:Player_4 street:River   streetActionNo:3 action:bet amount:8
playerName:Player_5 street:Preflop streetActionNo:0 action:blind amount:1
playerName:Player_5 street:Preflop streetActionNo:7 action:bet amount:3
playerName:Player_5 street:Flop    streetActionNo:0 action:check amount:0
playerName:Player_5 street:Flop    streetActionNo:4 action:fold amount:0
playerName:Player_6 street:Preflop streetActionNo:1 action:blind amount:2
playerName:Player_6 street:Preflop streetActionNo:8 action:call amount:2
playerName:Player_6 street:Flop    streetActionNo:1 action:check amount:0
playerName:Player_6 street:Flop    streetActionNo:5 action:fold amount:0
playerName:Player_7 street:Preflop streetActionNo:2 action:fold amount:0
