Connected to MySQL on localhost. Print Hand Utility
options.site: Full Tilt Poker site_id: 1

From Table sites
====================
site_name: Full Tilt Poker

From Table gametypes
====================
type:    category: studhilo   limit_type: 
sb:    bb:    sbet:    bbet: 

From Table hands
================
site_hand_no: 6367428246 hand_start: 2008-05-11 04:47:38 seat_count: 4

From Table hands_players
========================
player_name:Play er9 player_startcash:30350 ante:300 cards:5c 4h 2s 6c Ac 2c 2h winnings:25000 rake:200
player_name:Player_11 player_startcash:16400 ante:300 cards:?? ?? 3c ?? ?? ?? ?? winnings:0 rake:0
player_name:Player13 player_startcash:91250 ante:300 cards:?? ?? 8c 5h Ah Jd ?? winnings:0 rake:0
player_name:Player15 player_startcash:53150 ante:300 cards:?? ?? Jc ?? ?? ?? ?? winnings:0 rake:0

From Table hands_actions
========================
player_name:Play er9 actionCount:0 street:3 streetActionNo:0 action:blind amount:500
player_name:Play er9 actionCount:1 street:3 streetActionNo:1 action:call amount:1000
player_name:Play er9 actionCount:2 street:4 streetActionNo:0 action:call amount:1500
player_name:Play er9 actionCount:3 street:5 streetActionNo:0 action:call amount:3000
player_name:Play er9 actionCount:4 street:6 streetActionNo:0 action:bet amount:3000
player_name:Play er9 actionCount:5 street:7 streetActionNo:0 action:bet amount:3000
player_name:Player_11 actionCount:0 street:3 streetActionNo:0 action:fold amount:0
player_name:Player13 actionCount:0 street:3 streetActionNo:0 action:bet amount:1500
player_name:Player13 actionCount:1 street:4 streetActionNo:0 action:bet amount:1500
player_name:Player13 actionCount:2 street:5 streetActionNo:0 action:bet amount:3000
player_name:Player13 actionCount:3 street:6 streetActionNo:0 action:call amount:3000
player_name:Player13 actionCount:4 street:7 streetActionNo:0 action:call amount:3000
player_name:Player15 actionCount:0 street:3 streetActionNo:0 action:fold amount:0
