Connected to MySQL on localhost. Print Hand Utility
options.site: PokerStars site_id: 2
From Table hands
================
site_hand_no: 14519420999 hand_start: 2008-01-13 05:23:43 seat_count: 7 category: holdem
Board cards: Th Jd 3c 7c 4s

From Table hands_players
========================
player_name:Player_1 player_startcash:65 position:2 off Btn cards:?? ?? winnings:0 rake:0
player_name:Player_2 player_startcash:49 position:1 off Btn cards:8s 9s winnings:35 rake:1
player_name:Player_3 player_startcash:179 position:Btn cards:?? ?? winnings:0 rake:0
player_name:Player_4 player_startcash:205 position:SB cards:?? ?? winnings:0 rake:0
player_name:Player_5 player_startcash:118 position:BB cards:Qh Js winnings:0 rake:0
player_name:Player_6 player_startcash:34 position:4 off Btn cards:?? ?? winnings:0 rake:0
player_name:Player_7 player_startcash:135 position:3 off Btn cards:8d 5d winnings:0 rake:0

From Table hands_actions
========================
player_name:Player_1 actionCount:0 street:Preflop streetActionNo:0 action:fold amount:0
player_name:Player_2 actionCount:0 street:Preflop streetActionNo:0 action:call amount:2
player_name:Player_2 actionCount:1 street:Flop streetActionNo:0 action:call amount:2
player_name:Player_2 actionCount:2 street:Turn streetActionNo:0 action:bet amount:8
player_name:Player_2 actionCount:3 street:River streetActionNo:0 action:bet amount:4
player_name:Player_3 actionCount:0 street:Preflop streetActionNo:0 action:fold amount:0
player_name:Player_4 actionCount:0 street:Preflop streetActionNo:0 action:blind amount:1
player_name:Player_4 actionCount:1 street:Preflop streetActionNo:1 action:call amount:1
player_name:Player_4 actionCount:2 street:Flop streetActionNo:0 action:check amount:0
player_name:Player_4 actionCount:3 street:Flop streetActionNo:1 action:call amount:2
player_name:Player_4 actionCount:4 street:Turn streetActionNo:0 action:check amount:0
player_name:Player_4 actionCount:5 street:Turn streetActionNo:1 action:fold amount:0
player_name:Player_5 actionCount:0 street:Preflop streetActionNo:0 action:blind amount:2
player_name:Player_5 actionCount:1 street:Preflop streetActionNo:1 action:check amount:0
player_name:Player_5 actionCount:2 street:Flop streetActionNo:0 action:bet amount:2
player_name:Player_5 actionCount:3 street:Turn streetActionNo:0 action:bet amount:4
player_name:Player_5 actionCount:4 street:Turn streetActionNo:1 action:call amount:4
player_name:Player_5 actionCount:5 street:River streetActionNo:0 action:check amount:0
player_name:Player_5 actionCount:6 street:River streetActionNo:1 action:call amount:4
player_name:Player_6 actionCount:0 street:Preflop streetActionNo:0 action:fold amount:0
player_name:Player_7 actionCount:0 street:Preflop streetActionNo:0 action:fold amount:0
