Connected to MySQL on localhost. Print Hand Utility
options.site: PokerStars site_id: 2

From Table gametypes
====================
type: ring   category: holdem   limit_type: fl
sb: 1   bb: 2   sbet: 2   bbet: 4

From Table hands
================
site_hand_no: 14519433154 hand_start: 2008-01-13 05:24:25 seat_count: 7
Board cards: 4h 9s Ad Qc Ks

From Table hands_players
========================
player_name:Player_1 player_startcash:65 position:3 off Btn cards:?? ?? winnings:0 rake:0
player_name:Player_2 player_startcash:68 position:2 off Btn cards:?? ?? winnings:0 rake:0
player_name:Player_3 player_startcash:179 position:1 off Btn cards:Ah 9d winnings:92 rake:4
player_name:Player_4 player_startcash:201 position:Btn cards:Ac Td winnings:0 rake:0
player_name:Player_5 player_startcash:102 position:SB cards:?? ?? winnings:0 rake:0
player_name:Player_6 player_startcash:34 position:BB cards:?? ?? winnings:0 rake:0
player_name:Player_7 player_startcash:135 position:4 off Btn cards:7c Jh winnings:0 rake:0

From Table hands_actions
========================
player_name:Player_1 actionCount:0 street:Preflop streetActionNo:0 action:fold amount:0
player_name:Player_2 actionCount:0 street:Preflop streetActionNo:0 action:fold amount:0
player_name:Player_3 actionCount:0 street:Preflop streetActionNo:0 action:call amount:2
player_name:Player_3 actionCount:1 street:Preflop streetActionNo:1 action:call amount:2
player_name:Player_3 actionCount:2 street:Flop streetActionNo:0 action:bet amount:2
player_name:Player_3 actionCount:3 street:Flop streetActionNo:1 action:bet amount:4
player_name:Player_3 actionCount:4 street:Flop streetActionNo:2 action:call amount:2
player_name:Player_3 actionCount:5 street:Turn streetActionNo:0 action:bet amount:4
player_name:Player_3 actionCount:6 street:Turn streetActionNo:1 action:bet amount:8
player_name:Player_3 actionCount:7 street:Turn streetActionNo:2 action:call amount:4
player_name:Player_3 actionCount:8 street:River streetActionNo:0 action:bet amount:4
player_name:Player_3 actionCount:9 street:River streetActionNo:1 action:bet amount:8
player_name:Player_3 actionCount:10 street:River streetActionNo:2 action:call amount:4
player_name:Player_4 actionCount:0 street:Preflop streetActionNo:0 action:call amount:2
player_name:Player_4 actionCount:1 street:Preflop streetActionNo:1 action:call amount:2
player_name:Player_4 actionCount:2 street:Flop streetActionNo:0 action:bet amount:4
player_name:Player_4 actionCount:3 street:Flop streetActionNo:1 action:bet amount:4
player_name:Player_4 actionCount:4 street:Turn streetActionNo:0 action:bet amount:8
player_name:Player_4 actionCount:5 street:Turn streetActionNo:1 action:bet amount:8
player_name:Player_4 actionCount:6 street:River streetActionNo:0 action:bet amount:8
player_name:Player_4 actionCount:7 street:River streetActionNo:1 action:bet amount:8
player_name:Player_5 actionCount:0 street:Preflop streetActionNo:0 action:blind amount:1
player_name:Player_5 actionCount:1 street:Preflop streetActionNo:1 action:bet amount:3
player_name:Player_5 actionCount:2 street:Flop streetActionNo:0 action:check amount:0
player_name:Player_5 actionCount:3 street:Flop streetActionNo:1 action:fold amount:0
player_name:Player_6 actionCount:0 street:Preflop streetActionNo:0 action:blind amount:2
player_name:Player_6 actionCount:1 street:Preflop streetActionNo:1 action:call amount:2
player_name:Player_6 actionCount:2 street:Flop streetActionNo:0 action:check amount:0
player_name:Player_6 actionCount:3 street:Flop streetActionNo:1 action:fold amount:0
player_name:Player_7 actionCount:0 street:Preflop streetActionNo:0 action:fold amount:0
